// Jest Snapshot v1, https://goo.gl/fbAQLP

exports[`<Basket /> should render correctly 1`] = `
<Provider
  store={
    Object {
      "clearActions": [Function],
      "dispatch": [Function],
      "getActions": [Function],
      "getState": [Function],
      "replaceReducer": [Function],
      "subscribe": [Function],
    }
  }
>
  <Basket>
    <div
      className="Basket"
    >
      <button
        key="BEANS"
        onClick={[Function]}
        type="button"
      >
        BEANS
         
        Â£0.5
      </button>
    </div>
  </Basket>
</Provider>
`;
