// Jest Snapshot v1, https://goo.gl/fbAQLP

exports[`<Totals /> should render correctly 1`] = `
<Provider
  store={
    Object {
      "clearActions": [Function],
      "dispatch": [Function],
      "getActions": [Function],
      "getState": [Function],
      "replaceReducer": [Function],
      "subscribe": [Function],
    }
  }
>
  <Totals>
    <ul
      className="Totals col-xs-12 list-group"
    >
      <li
        className="list-group-item border-0 display-4"
      >
        -----
      </li>
      <li
        className="list-group-item border-0 d-flex justify-content-between"
      >
        <span
          className="label h4"
        >
          Sub-total
        </span>
        <span
          className="value sub-total h4"
        >
          3.5
        </span>
      </li>
      <span
        className="list-group-item border-0 h4"
      >
        Savings
      </span>
      <li
        className="list-group-item border-0 d-flex justify-content-between savings"
        key="0"
      >
        <span
          className="label h4"
        >
          Beans 3 for 2
        </span>
        <span
          className="value h4"
        >
          -0.5
        </span>
      </li>
      <li
        className="list-group-item border-0 d-flex justify-content-between savings"
        key="1"
      >
        <span
          className="label h4"
        >
          Coke 2 for Â£1
        </span>
        <span
          className="value h4"
        >
          -0.4
        </span>
      </li>
      <li
        className="list-group-item border-0 display-4"
      >
        -----
      </li>
      <li
        className="list-group-item border-0 d-flex justify-content-between"
      >
        <span
          className="label h4"
        >
          Total savings
        </span>
        <span
          className="value total-savings h4"
        >
          -0.9
        </span>
      </li>
      <li
        className="list-group-item border-0 display-4"
      >
        -------------------------
      </li>
      <li
        className="list-group-item border-0 d-flex justify-content-between"
      >
        <span
          className="label h4"
        >
          Total to Pay
        </span>
        <span
          className="value total-to-pay h4"
        >
          2.60
        </span>
      </li>
    </ul>
  </Totals>
</Provider>
`;
